 ******* Program HYDRUS
 ******* 
 Welcome to HYDRUS-1D                                                    
 Date:  30.10.2025    Time:  11:34: 7
 Units: L = m    , T = hours, M = mmol 



                               Node( 14)                      Node( 30)                      Node( 50)

         time            h        theta    Flux           h        theta    Flux           h        theta    Flux  
          0.0740      -18.78  0.1043  0.124E-03         -9.15  0.1614  0.121E-02         -5.07  0.2239  0.209E-02
          0.1000      -18.77  0.1043  0.123E-03         -9.13  0.1617  0.118E-02         -5.06  0.2241  0.213E-02
          0.1312      -18.76  0.1043  0.123E-03         -9.11  0.1619  0.115E-02         -5.04  0.2244  0.218E-02
          0.1722      -18.76  0.1044  0.122E-03         -9.09  0.1621  0.110E-02         -5.02  0.2249  0.224E-02
          0.2268      -18.75  0.1044  0.121E-03         -9.08  0.1622  0.105E-02         -4.99  0.2255  0.232E-02
          0.2951      -18.73  0.1045  0.120E-03         -9.07  0.1623  0.101E-02         -4.95  0.2264  0.244E-02
          0.3976      -18.72  0.1045  0.119E-03         -9.06  0.1624  0.954E-03         -4.88  0.2278  0.261E-02
          0.5000      -18.70  0.1046  0.119E-03         -9.06  0.1625  0.915E-03         -4.82  0.2294  0.276E-02
          0.6250      -18.69  0.1046  0.118E-03         -9.05  0.1626  0.882E-03         -4.74  0.2315  0.290E-02
          0.8125      -18.66  0.1047  0.118E-03         -9.03  0.1628  0.851E-03         -4.64  0.2341  0.302E-02
          1.0000      -18.63  0.1049  0.119E-03         -9.01  0.1630  0.831E-03         -4.56  0.2363  0.308E-02
          1.1667      -18.60  0.1050  0.119E-03         -8.99  0.1632  0.819E-03         -4.50  0.2379  0.309E-02
          1.5000      -18.55  0.1052  0.121E-03         -8.93  0.1638  0.816E-03         -4.41  0.2404  0.304E-02
          1.7500      -18.50  0.1053  0.123E-03         -8.89  0.1643  0.824E-03         -4.35  0.2418  0.297E-02
          2.0000      -18.45  0.1055  0.125E-03         -8.83  0.1649  0.837E-03         -4.31  0.2430  0.290E-02
          2.5000      -18.34  0.1060  0.130E-03         -8.71  0.1663  0.878E-03         -4.25  0.2447  0.276E-02
          3.0000      -18.21  0.1064  0.136E-03         -8.56  0.1680  0.925E-03         -4.20  0.2458  0.262E-02
          3.5000      -18.07  0.1070  0.143E-03         -8.40  0.1697  0.980E-03         -4.17  0.2467  0.249E-02
          4.0000      -17.92  0.1075  0.151E-03         -8.24  0.1715  0.103E-02         -4.15  0.2473  0.238E-02
          4.5000      -17.76  0.1082  0.160E-03         -8.08  0.1733  0.108E-02         -4.13  0.2477  0.227E-02
          5.0000      -17.59  0.1088  0.170E-03         -7.92  0.1751  0.111E-02         -4.12  0.2480  0.218E-02
          5.5000      -17.40  0.1095  0.181E-03         -7.77  0.1768  0.115E-02         -4.12  0.2481  0.209E-02
          6.0000      -17.20  0.1103  0.192E-03         -7.64  0.1788  0.118E-02         -4.11  0.2482  0.201E-02
          6.5000      -16.98  0.1111  0.204E-03         -7.51  0.1808  0.120E-02         -4.11  0.2483  0.193E-02
          7.0000      -16.75  0.1120  0.218E-03         -7.39  0.1826  0.122E-02         -4.11  0.2482  0.186E-02
          7.5000      -16.51  0.1129  0.232E-03         -7.29  0.1842  0.124E-02         -4.12  0.2482  0.180E-02
          8.0000      -16.26  0.1138  0.247E-03         -7.19  0.1856  0.125E-02         -4.12  0.2481  0.174E-02
          8.5000      -16.00  0.1149  0.264E-03         -7.10  0.1870  0.125E-02         -4.12  0.2479  0.168E-02
          9.0000      -15.72  0.1159  0.281E-03         -7.02  0.1882  0.125E-02         -4.13  0.2478  0.163E-02
          9.5000      -15.44  0.1172  0.300E-03         -6.95  0.1893  0.125E-02         -4.14  0.2476  0.158E-02
         10.0000      -15.18  0.1186  0.322E-03         -6.88  0.1903  0.124E-02         -4.14  0.2474  0.153E-02
         10.5000      -14.90  0.1202  0.342E-03         -6.82  0.1913  0.124E-02         -4.15  0.2472  0.149E-02
         11.0000      -14.61  0.1217  0.360E-03         -6.77  0.1921  0.123E-02         -4.16  0.2470  0.144E-02
         11.5000      -14.35  0.1232  0.386E-03         -6.71  0.1929  0.122E-02         -4.17  0.2468  0.141E-02
         12.0000      -14.09  0.1246  0.406E-03         -6.67  0.1937  0.121E-02         -4.18  0.2465  0.137E-02
         12.5000      -13.83  0.1260  0.425E-03         -6.62  0.1943  0.120E-02         -4.19  0.2463  0.133E-02
         13.0000      -13.58  0.1274  0.443E-03         -6.58  0.1950  0.119E-02         -4.20  0.2460  0.130E-02
         13.5000      -13.33  0.1288  0.462E-03         -6.55  0.1955  0.117E-02         -4.21  0.2458  0.127E-02
         14.0000      -13.10  0.1301  0.479E-03         -6.51  0.1961  0.116E-02         -4.22  0.2455  0.124E-02
         14.5000      -12.86  0.1314  0.493E-03         -6.48  0.1965  0.115E-02         -4.23  0.2452  0.121E-02
         15.0000      -12.64  0.1326  0.508E-03         -6.45  0.1970  0.113E-02         -4.24  0.2450  0.118E-02
         15.5000      -12.42  0.1338  0.522E-03         -6.42  0.1974  0.112E-02         -4.25  0.2447  0.115E-02
         16.0000      -12.22  0.1352  0.538E-03         -6.40  0.1978  0.111E-02         -4.26  0.2444  0.113E-02
         16.5000      -12.03  0.1366  0.552E-03         -6.37  0.1982  0.109E-02         -4.27  0.2441  0.110E-02
         17.0000      -11.85  0.1381  0.563E-03         -6.35  0.1985  0.108E-02         -4.28  0.2439  0.108E-02
         17.5000      -11.67  0.1395  0.572E-03         -6.33  0.1988  0.107E-02         -4.29  0.2436  0.106E-02
         18.0000      -11.52  0.1407  0.587E-03         -6.31  0.1991  0.105E-02         -4.30  0.2433  0.103E-02
         18.5000      -11.37  0.1419  0.598E-03         -6.30  0.1994  0.104E-02         -4.31  0.2430  0.101E-02
         19.0000      -11.23  0.1430  0.605E-03         -6.28  0.1996  0.103E-02         -4.32  0.2427  0.993E-03
         19.5000      -11.09  0.1441  0.611E-03         -6.27  0.1998  0.101E-02         -4.33  0.2425  0.974E-03
         20.0000      -10.96  0.1451  0.619E-03         -6.25  0.2000  0.100E-02         -4.34  0.2422  0.955E-03
         20.5000      -10.84  0.1460  0.625E-03         -6.24  0.2002  0.990E-03         -4.35  0.2419  0.938E-03
         21.0000      -10.73  0.1469  0.630E-03         -6.23  0.2004  0.978E-03         -4.36  0.2416  0.920E-03
         21.5000      -10.62  0.1478  0.634E-03         -6.22  0.2006  0.966E-03         -4.37  0.2413  0.904E-03
         22.0000      -10.51  0.1486  0.637E-03         -6.21  0.2007  0.954E-03         -4.38  0.2411  0.888E-03
         22.5000      -10.41  0.1494  0.641E-03         -6.20  0.2009  0.943E-03         -4.39  0.2408  0.872E-03
         23.0000      -10.32  0.1502  0.644E-03         -6.19  0.2010  0.932E-03         -4.40  0.2405  0.857E-03
         23.5000      -10.23  0.1509  0.647E-03         -6.18  0.2011  0.921E-03         -4.41  0.2403  0.843E-03
         24.0000      -10.14  0.1516  0.648E-03         -6.17  0.2012  0.910E-03         -4.42  0.2400  0.829E-03
         24.5000      -10.06  0.1522  0.650E-03         -6.17  0.2013  0.899E-03         -4.43  0.2397  0.816E-03
         25.0000       -9.98  0.1528  0.652E-03         -6.16  0.2014  0.889E-03         -4.44  0.2394  0.803E-03
         25.5000       -9.91  0.1534  0.653E-03         -6.16  0.2015  0.879E-03         -4.45  0.2392  0.790E-03
         26.0000       -9.84  0.1540  0.654E-03         -6.15  0.2016  0.869E-03         -4.46  0.2389  0.778E-03
         26.5000       -9.77  0.1545  0.654E-03         -6.15  0.2017  0.859E-03         -4.47  0.2386  0.766E-03
         27.0000       -9.71  0.1552  0.657E-03         -6.14  0.2017  0.850E-03         -4.48  0.2384  0.754E-03
         27.5000       -9.65  0.1559  0.658E-03         -6.14  0.2018  0.840E-03         -4.49  0.2381  0.743E-03
         28.0000       -9.59  0.1565  0.658E-03         -6.14  0.2018  0.831E-03         -4.50  0.2378  0.732E-03
         28.0417       -9.59  0.1565  0.658E-03         -6.14  0.2018  0.830E-03         -4.50  0.2378  0.732E-03
         28.5000       -9.54  0.1571  0.659E-03         -6.13  0.2019  0.822E-03         -4.51  0.2376  0.722E-03
         29.0000       -9.49  0.1576  0.659E-03         -6.13  0.2019  0.813E-03         -4.52  0.2373  0.712E-03
         29.5000       -9.44  0.1582  0.658E-03         -6.13  0.2019  0.805E-03         -4.53  0.2371  0.702E-03
         30.0000       -9.40  0.1587  0.658E-03         -6.13  0.2020  0.797E-03         -4.54  0.2368  0.692E-03
         30.5000       -9.35  0.1591  0.659E-03         -6.13  0.2020  0.788E-03         -4.55  0.2365  0.683E-03
         31.0000       -9.32  0.1596  0.660E-03         -6.13  0.2020  0.781E-03         -4.56  0.2363  0.674E-03
         31.5000       -9.28  0.1600  0.659E-03         -6.13  0.2020  0.773E-03         -4.57  0.2360  0.665E-03
         32.0000       -9.25  0.1604  0.659E-03         -6.13  0.2020  0.765E-03         -4.58  0.2358  0.657E-03
         32.5000       -9.21  0.1607  0.658E-03         -6.13  0.2020  0.758E-03         -4.59  0.2355  0.648E-03
         33.0000       -9.18  0.1611  0.657E-03         -6.13  0.2020  0.751E-03         -4.60  0.2353  0.640E-03
         33.5000       -9.15  0.1614  0.657E-03         -6.13  0.2020  0.744E-03         -4.61  0.2350  0.632E-03
         34.0000       -9.12  0.1617  0.656E-03         -6.13  0.2020  0.737E-03         -4.62  0.2348  0.625E-03
         34.5000       -9.10  0.1620  0.655E-03         -6.13  0.2020  0.730E-03         -4.63  0.2345  0.617E-03
         35.0000       -9.07  0.1623  0.654E-03         -6.13  0.2019  0.723E-03         -4.63  0.2343  0.610E-03
         35.5000       -9.05  0.1625  0.653E-03         -6.13  0.2019  0.717E-03         -4.64  0.2340  0.603E-03
         36.0000       -9.03  0.1627  0.653E-03         -6.14  0.2019  0.710E-03         -4.65  0.2338  0.596E-03
         36.5000       -9.01  0.1630  0.653E-03         -6.14  0.2018  0.704E-03         -4.66  0.2335  0.590E-03
         37.0000       -8.99  0.1632  0.652E-03         -6.14  0.2018  0.698E-03         -4.67  0.2333  0.583E-03
         37.5000       -8.98  0.1633  0.651E-03         -6.14  0.2017  0.693E-03         -4.68  0.2330  0.577E-03
         38.0000       -8.96  0.1635  0.650E-03         -6.15  0.2017  0.687E-03         -4.69  0.2328  0.570E-03
         38.5000       -8.95  0.1637  0.649E-03         -6.15  0.2017  0.681E-03         -4.70  0.2326  0.564E-03
         39.0000       -8.93  0.1638  0.648E-03         -6.15  0.2016  0.676E-03         -4.71  0.2323  0.559E-03
         39.5000       -8.92  0.1640  0.647E-03         -6.15  0.2016  0.671E-03         -4.72  0.2321  0.553E-03
         40.0000       -8.91  0.1641  0.646E-03         -6.16  0.2015  0.666E-03         -4.73  0.2318  0.548E-03
         40.5000       -8.90  0.1642  0.645E-03         -6.16  0.2014  0.661E-03         -4.74  0.2316  0.542E-03
         41.0000       -8.89  0.1643  0.644E-03         -6.17  0.2014  0.656E-03         -4.74  0.2313  0.537E-03
         41.5000       -8.88  0.1644  0.643E-03         -6.17  0.2013  0.651E-03         -4.75  0.2311  0.531E-03
         42.0000       -8.87  0.1645  0.642E-03         -6.17  0.2013  0.647E-03         -4.76  0.2309  0.527E-03
         42.5000       -8.87  0.1646  0.641E-03         -6.18  0.2012  0.642E-03         -4.77  0.2306  0.522E-03
         43.0000       -8.86  0.1647  0.640E-03         -6.18  0.2011  0.638E-03         -4.78  0.2304  0.517E-03
         43.5000       -8.85  0.1647  0.639E-03         -6.19  0.2010  0.633E-03         -4.79  0.2301  0.513E-03
         44.0000       -8.85  0.1648  0.637E-03         -6.19  0.2010  0.629E-03         -4.80  0.2299  0.508E-03
         44.5000       -8.84  0.1648  0.636E-03         -6.20  0.2009  0.625E-03         -4.81  0.2297  0.503E-03
         45.0000       -8.84  0.1649  0.635E-03         -6.20  0.2008  0.621E-03         -4.82  0.2294  0.499E-03
         45.5000       -8.84  0.1649  0.634E-03         -6.21  0.2007  0.617E-03         -4.82  0.2292  0.496E-03
         46.0000       -8.83  0.1649  0.633E-03         -6.21  0.2006  0.613E-03         -4.83  0.2289  0.492E-03
         46.5000       -8.83  0.1649  0.632E-03         -6.22  0.2006  0.609E-03         -4.84  0.2287  0.487E-03
         47.0000       -8.83  0.1650  0.631E-03         -6.23  0.2005  0.605E-03         -4.85  0.2285  0.483E-03
         47.5000       -8.83  0.1650  0.630E-03         -6.23  0.2004  0.602E-03         -4.86  0.2282  0.479E-03
         48.0000       -8.83  0.1650  0.629E-03         -6.24  0.2003  0.598E-03         -4.87  0.2280  0.476E-03
         48.5000       -8.83  0.1650  0.627E-03         -6.24  0.2002  0.594E-03         -4.88  0.2279  0.472E-03
         49.0000       -8.83  0.1650  0.626E-03         -6.25  0.2001  0.591E-03         -4.89  0.2277  0.468E-03
         49.5000       -8.83  0.1649  0.625E-03         -6.26  0.2000  0.588E-03         -4.90  0.2275  0.465E-03
         50.0000       -8.84  0.1649  0.624E-03         -6.26  0.1999  0.584E-03         -4.90  0.2273  0.461E-03
         50.5000       -8.84  0.1649  0.623E-03         -6.27  0.1998  0.581E-03         -4.91  0.2271  0.458E-03
         51.0000       -8.84  0.1649  0.621E-03         -6.27  0.1997  0.578E-03         -4.92  0.2269  0.454E-03
         51.5000       -8.84  0.1648  0.620E-03         -6.28  0.1996  0.575E-03         -4.93  0.2268  0.450E-03
         52.0000       -8.85  0.1648  0.619E-03         -6.29  0.1995  0.572E-03         -4.94  0.2266  0.447E-03
         52.5000       -8.85  0.1648  0.617E-03         -6.29  0.1994  0.569E-03         -4.95  0.2264  0.444E-03
         53.0000       -8.85  0.1647  0.616E-03         -6.30  0.1993  0.566E-03         -4.96  0.2262  0.441E-03
         53.5000       -8.86  0.1647  0.614E-03         -6.31  0.1992  0.563E-03         -4.97  0.2260  0.437E-03
         54.0000       -8.86  0.1646  0.613E-03         -6.32  0.1991  0.560E-03         -4.97  0.2259  0.434E-03
         54.5000       -8.87  0.1646  0.611E-03         -6.32  0.1990  0.557E-03         -4.98  0.2257  0.431E-03
         55.0000       -8.87  0.1645  0.609E-03         -6.33  0.1989  0.554E-03         -4.99  0.2255  0.428E-03
         55.5000       -8.88  0.1645  0.608E-03         -6.34  0.1987  0.552E-03         -5.00  0.2253  0.426E-03
         56.0000       -8.88  0.1644  0.606E-03         -6.34  0.1986  0.549E-03         -5.01  0.2252  0.423E-03
         56.5000       -8.89  0.1643  0.604E-03         -6.35  0.1985  0.546E-03         -5.02  0.2250  0.420E-03
         57.0000       -8.89  0.1643  0.603E-03         -6.36  0.1984  0.544E-03         -5.03  0.2248  0.417E-03
         57.5000       -8.90  0.1642  0.601E-03         -6.37  0.1983  0.541E-03         -5.03  0.2246  0.415E-03
         58.0000       -8.90  0.1642  0.599E-03         -6.37  0.1982  0.539E-03         -5.04  0.2245  0.412E-03
         58.5000       -8.91  0.1641  0.597E-03         -6.38  0.1981  0.536E-03         -5.05  0.2243  0.409E-03
         59.0000       -8.92  0.1640  0.596E-03         -6.39  0.1979  0.534E-03         -5.06  0.2241  0.407E-03
         59.5000       -8.92  0.1640  0.594E-03         -6.40  0.1978  0.532E-03         -5.07  0.2239  0.404E-03
         60.0000       -8.93  0.1639  0.592E-03         -6.40  0.1977  0.529E-03         -5.08  0.2238  0.402E-03
         60.5000       -8.93  0.1638  0.590E-03         -6.41  0.1976  0.527E-03         -5.08  0.2236  0.400E-03
         61.0000       -8.94  0.1638  0.589E-03         -6.42  0.1975  0.524E-03         -5.09  0.2234  0.397E-03
         61.5000       -8.95  0.1637  0.587E-03         -6.43  0.1973  0.522E-03         -5.10  0.2233  0.395E-03
         62.0000       -8.95  0.1636  0.585E-03         -6.44  0.1972  0.520E-03         -5.11  0.2231  0.393E-03
         62.5000       -8.96  0.1635  0.583E-03         -6.44  0.1971  0.517E-03         -5.12  0.2229  0.390E-03
         63.0000       -8.97  0.1635  0.582E-03         -6.45  0.1970  0.515E-03         -5.13  0.2227  0.388E-03
         63.5000       -8.97  0.1634  0.580E-03         -6.46  0.1969  0.513E-03         -5.13  0.2226  0.386E-03
         64.0000       -8.98  0.1633  0.578E-03         -6.47  0.1967  0.511E-03         -5.14  0.2224  0.384E-03
         64.0240       -8.98  0.1633  0.578E-03         -6.47  0.1967  0.511E-03         -5.14  0.2224  0.384E-03
         64.0552       -8.98  0.1633  0.578E-03         -6.47  0.1967  0.510E-03         -5.14  0.2224  0.384E-03
         64.0958       -8.98  0.1633  0.578E-03         -6.47  0.1967  0.510E-03         -5.14  0.2224  0.384E-03
         64.1463       -8.98  0.1633  0.578E-03         -6.47  0.1967  0.510E-03         -5.14  0.2224  0.383E-03
         64.2170       -8.98  0.1633  0.578E-03         -6.47  0.1967  0.510E-03         -5.15  0.2223  0.383E-03
         64.3114       -8.99  0.1632  0.577E-03         -6.47  0.1967  0.509E-03         -5.15  0.2223  0.383E-03
         64.4057       -8.99  0.1632  0.577E-03         -6.47  0.1966  0.509E-03         -5.15  0.2223  0.382E-03
         64.5000       -8.99  0.1632  0.577E-03         -6.48  0.1966  0.508E-03         -5.15  0.2222  0.382E-03
         64.5240       -8.99  0.1632  0.576E-03         -6.48  0.1966  0.508E-03         -5.15  0.2222  0.382E-03
         64.5552       -8.99  0.1632  0.576E-03         -6.48  0.1966  0.508E-03         -5.15  0.2222  0.382E-03
         64.5958       -8.99  0.1632  0.576E-03         -6.48  0.1966  0.508E-03         -5.15  0.2222  0.381E-03
         64.6463       -8.99  0.1632  0.576E-03         -6.48  0.1966  0.508E-03         -5.15  0.2222  0.381E-03
         64.7170       -8.99  0.1632  0.576E-03         -6.48  0.1966  0.508E-03         -5.15  0.2222  0.381E-03
         64.8114       -8.99  0.1632  0.575E-03         -6.48  0.1965  0.507E-03         -5.15  0.2221  0.381E-03
         64.9057       -8.99  0.1632  0.575E-03         -6.48  0.1965  0.507E-03         -5.16  0.2221  0.380E-03
         65.0000       -9.00  0.1631  0.575E-03         -6.48  0.1965  0.506E-03         -5.16  0.2221  0.380E-03
         65.0240       -9.00  0.1631  0.575E-03         -6.48  0.1965  0.506E-03         -5.16  0.2221  0.380E-03
         65.0480       -9.00  0.1631  0.574E-03         -6.48  0.1965  0.506E-03         -5.16  0.2221  0.380E-03
         65.0720       -9.00  0.1631  0.574E-03         -6.48  0.1965  0.506E-03         -5.16  0.2220  0.380E-03
         65.0960       -9.00  0.1631  0.574E-03         -6.48  0.1965  0.506E-03         -5.16  0.2220  0.379E-03
         65.1272       -9.00  0.1631  0.574E-03         -6.49  0.1965  0.506E-03         -5.16  0.2220  0.379E-03
         65.1686       -9.00  0.1631  0.574E-03         -6.49  0.1965  0.506E-03         -5.16  0.2220  0.379E-03
         65.2239       -9.00  0.1631  0.574E-03         -6.49  0.1964  0.505E-03         -5.16  0.2220  0.379E-03
         65.2791       -9.00  0.1631  0.573E-03         -6.49  0.1964  0.505E-03         -5.16  0.2220  0.379E-03
         65.3343       -9.00  0.1631  0.573E-03         -6.49  0.1964  0.505E-03         -5.16  0.2220  0.378E-03
         65.4172       -9.00  0.1631  0.572E-03         -6.49  0.1964  0.504E-03         -5.16  0.2219  0.378E-03
         65.5000       -9.00  0.1631  0.569E-03         -6.49  0.1964  0.504E-03         -5.17  0.2219  0.378E-03
         65.5240       -9.00  0.1631  0.569E-03         -6.49  0.1964  0.504E-03         -5.17  0.2219  0.378E-03
         65.5480       -9.00  0.1631  0.568E-03         -6.49  0.1964  0.504E-03         -5.17  0.2219  0.378E-03
         65.5792       -9.00  0.1631  0.566E-03         -6.49  0.1964  0.504E-03         -5.17  0.2219  0.378E-03
         65.6213       -9.00  0.1631  0.564E-03         -6.49  0.1963  0.504E-03         -5.17  0.2219  0.377E-03
         65.6754       -9.00  0.1631  0.560E-03         -6.49  0.1963  0.503E-03         -5.17  0.2218  0.377E-03
         65.7403       -9.00  0.1631  0.553E-03         -6.49  0.1963  0.503E-03         -5.17  0.2218  0.377E-03
         65.8269       -8.99  0.1632  0.540E-03         -6.50  0.1963  0.503E-03         -5.17  0.2218  0.377E-03
         66.0000       -8.96  0.1635  0.509E-03         -6.50  0.1962  0.502E-03         -5.17  0.2217  0.376E-03
         66.1667       -8.93  0.1638  0.477E-03         -6.50  0.1962  0.501E-03         -5.18  0.2217  0.375E-03
         66.3333       -8.90  0.1642  0.443E-03         -6.50  0.1962  0.500E-03         -5.18  0.2216  0.374E-03
         66.5000       -8.85  0.1647  0.407E-03         -6.51  0.1961  0.499E-03         -5.18  0.2216  0.374E-03
         66.7500       -8.78  0.1656  0.353E-03         -6.51  0.1961  0.498E-03         -5.19  0.2215  0.373E-03
         67.0000       -8.69  0.1665  0.301E-03         -6.51  0.1960  0.496E-03         -5.19  0.2214  0.372E-03
         67.2500       -8.60  0.1675  0.256E-03         -6.52  0.1960  0.494E-03         -5.19  0.2213  0.371E-03
         67.5000       -8.52  0.1685  0.221E-03         -6.52  0.1959  0.491E-03         -5.20  0.2212  0.370E-03
         68.0000       -8.37  0.1701  0.185E-03         -6.53  0.1958  0.484E-03         -5.21  0.2211  0.368E-03
         68.5000       -8.25  0.1714  0.166E-03         -6.53  0.1958  0.475E-03         -5.21  0.2209  0.366E-03
         68.5240       -8.25  0.1715  0.163E-03         -6.53  0.1958  0.475E-03         -5.21  0.2209  0.366E-03
         68.5552       -8.24  0.1716  0.162E-03         -6.53  0.1958  0.474E-03         -5.22  0.2209  0.366E-03
         68.5958       -8.23  0.1717  0.161E-03         -6.53  0.1958  0.473E-03         -5.22  0.2209  0.366E-03
         68.6463       -8.22  0.1718  0.160E-03         -6.53  0.1958  0.473E-03         -5.22  0.2209  0.366E-03
         68.7170       -8.20  0.1720  0.159E-03         -6.53  0.1958  0.471E-03         -5.22  0.2208  0.365E-03
         68.8114       -8.18  0.1722  0.155E-03         -6.53  0.1958  0.469E-03         -5.22  0.2208  0.365E-03
         68.9057       -8.16  0.1724  0.150E-03         -6.53  0.1958  0.467E-03         -5.22  0.2208  0.364E-03
         69.0000       -8.14  0.1727  0.143E-03         -6.53  0.1958  0.465E-03         -5.22  0.2207  0.364E-03
         69.0240       -8.13  0.1727  0.141E-03         -6.53  0.1958  0.465E-03         -5.22  0.2207  0.364E-03
         69.0408       -8.13  0.1728  0.139E-03         -6.53  0.1958  0.464E-03         -5.22  0.2207  0.364E-03
         69.0526       -8.13  0.1728  0.138E-03         -6.53  0.1958  0.464E-03         -5.22  0.2207  0.364E-03
         69.0643       -8.13  0.1728  0.137E-03         -6.53  0.1958  0.464E-03         -5.22  0.2207  0.364E-03
         69.0796       -8.12  0.1729  0.135E-03         -6.53  0.1958  0.464E-03         -5.22  0.2207  0.364E-03
         69.0949       -8.12  0.1729  0.133E-03         -6.53  0.1958  0.463E-03         -5.22  0.2207  0.364E-03
         69.1148       -8.11  0.1730  0.130E-03         -6.53  0.1958  0.463E-03         -5.22  0.2207  0.364E-03
         69.1406       -8.11  0.1730  0.125E-03         -6.53  0.1958  0.462E-03         -5.22  0.2207  0.364E-03
         69.1664       -8.10  0.1731  0.115E-03         -6.53  0.1958  0.462E-03         -5.22  0.2207  0.363E-03
         69.1998       -8.09  0.1733  0.894E-04         -6.53  0.1958  0.461E-03         -5.23  0.2207  0.363E-03
         69.2332       -8.07  0.1735  0.405E-04         -6.53  0.1958  0.460E-03         -5.23  0.2207  0.363E-03
         69.2776       -8.02  0.1740 -0.860E-04         -6.53  0.1958  0.459E-03         -5.23  0.2206  0.363E-03
         69.3221       -7.94  0.1749 -0.301E-03         -6.53  0.1958  0.458E-03         -5.23  0.2206  0.363E-03
         69.3814       -7.76  0.1769 -0.759E-03         -6.53  0.1958  0.457E-03         -5.23  0.2206  0.362E-03
         69.4407       -7.50  0.1808 -0.154E-02         -6.53  0.1958  0.455E-03         -5.23  0.2206  0.362E-03
         69.5000       -7.15  0.1862 -0.265E-02         -6.53  0.1958  0.454E-03         -5.23  0.2206  0.362E-03
         69.5240       -7.00  0.1885 -0.314E-02         -6.53  0.1958  0.453E-03         -5.23  0.2206  0.362E-03
         69.5480       -6.83  0.1912 -0.372E-02         -6.53  0.1958  0.453E-03         -5.23  0.2206  0.362E-03
         69.5720       -6.64  0.1941 -0.438E-02         -6.53  0.1958  0.452E-03         -5.23  0.2205  0.362E-03
         69.6032       -6.34  0.1986 -0.555E-02         -6.53  0.1958  0.452E-03         -5.23  0.2205  0.362E-03
         69.6429       -5.92  0.2063 -0.764E-02         -6.53  0.1958  0.451E-03         -5.23  0.2205  0.361E-03
         69.6939       -5.32  0.2187 -0.107E-01         -6.53  0.1958  0.449E-03         -5.23  0.2205  0.361E-03
         69.7449       -4.76  0.2310 -0.140E-01         -6.53  0.1958  0.448E-03         -5.23  0.2205  0.361E-03
         69.8087       -4.18  0.2465 -0.173E-01         -6.53  0.1958  0.446E-03         -5.23  0.2205  0.361E-03
         69.8725       -3.73  0.2592 -0.200E-01         -6.53  0.1958  0.443E-03         -5.24  0.2205  0.360E-03
         69.9362       -3.39  0.2705 -0.217E-01         -6.53  0.1958  0.440E-03         -5.24  0.2204  0.360E-03
         70.0000       -3.13  0.2794 -0.230E-01         -6.52  0.1959  0.434E-03         -5.24  0.2204  0.360E-03
         70.0240       -3.04  0.2823 -0.230E-01         -6.52  0.1959  0.432E-03         -5.24  0.2204  0.360E-03
         70.0552       -2.96  0.2855 -0.226E-01         -6.52  0.1959  0.428E-03         -5.24  0.2204  0.359E-03
         70.0958       -2.89  0.2884 -0.218E-01         -6.52  0.1959  0.421E-03         -5.24  0.2204  0.359E-03
         70.1463       -2.82  0.2911 -0.204E-01         -6.52  0.1960  0.408E-03         -5.24  0.2204  0.359E-03
         70.2170       -2.75  0.2937 -0.192E-01         -6.51  0.1961  0.377E-03         -5.24  0.2203  0.359E-03
         70.3114       -2.67  0.2967 -0.181E-01         -6.49  0.1964  0.299E-03         -5.24  0.2203  0.358E-03
         70.4057       -2.60  0.2993 -0.174E-01         -6.45  0.1970  0.175E-03         -5.24  0.2203  0.358E-03
         70.5000       -2.54  0.3018 -0.170E-01         -6.39  0.1979 -0.247E-05         -5.25  0.2203  0.357E-03
         70.5240       -2.53  0.3022 -0.166E-01         -6.37  0.1982 -0.511E-04         -5.25  0.2202  0.357E-03
         70.5480       -2.53  0.3023 -0.158E-01         -6.36  0.1985 -0.105E-03         -5.25  0.2202  0.357E-03
         70.5720       -2.54  0.3020 -0.148E-01         -6.34  0.1988 -0.161E-03         -5.25  0.2202  0.357E-03
         70.6032       -2.56  0.3012 -0.134E-01         -6.31  0.1992 -0.240E-03         -5.25  0.2202  0.357E-03
         70.6429       -2.59  0.2998 -0.118E-01         -6.27  0.1998 -0.350E-03         -5.25  0.2202  0.356E-03
         70.6939       -2.64  0.2978 -0.101E-01         -6.21  0.2007 -0.502E-03         -5.25  0.2202  0.356E-03
         70.7704       -2.72  0.2949 -0.837E-02         -6.11  0.2023 -0.743E-03         -5.25  0.2202  0.356E-03
         70.8469       -2.78  0.2922 -0.718E-02         -6.01  0.2044 -0.107E-02         -5.25  0.2202  0.355E-03
         71.0000       -2.89  0.2881 -0.586E-02         -5.78  0.2092 -0.167E-02         -5.25  0.2201  0.353E-03
         71.0240       -2.91  0.2875 -0.568E-02         -5.74  0.2099 -0.177E-02         -5.25  0.2201  0.353E-03
         71.0480       -2.92  0.2869 -0.551E-02         -5.71  0.2107 -0.186E-02         -5.25  0.2201  0.353E-03
         71.0792       -2.94  0.2861 -0.528E-02         -5.66  0.2117 -0.198E-02         -5.25  0.2201  0.352E-03
         71.1213       -2.97  0.2850 -0.495E-02         -5.60  0.2130 -0.211E-02         -5.25  0.2201  0.352E-03
         71.1754       -3.01  0.2835 -0.456E-02         -5.52  0.2146 -0.227E-02         -5.25  0.2201  0.351E-03
         71.2403       -3.05  0.2818 -0.416E-02         -5.43  0.2164 -0.241E-02         -5.26  0.2200  0.350E-03
         71.3269       -3.11  0.2799 -0.374E-02         -5.32  0.2187 -0.256E-02         -5.26  0.2200  0.347E-03
         71.5000       -3.21  0.2766 -0.314E-02         -5.14  0.2224 -0.270E-02         -5.26  0.2200  0.340E-03
         71.6667       -3.29  0.2738 -0.262E-02         -5.00  0.2254 -0.273E-02         -5.26  0.2200  0.330E-03
         71.8333       -3.37  0.2712 -0.225E-02         -4.88  0.2278 -0.269E-02         -5.26  0.2200  0.315E-03
         72.0000       -3.44  0.2689 -0.196E-02         -4.79  0.2301 -0.264E-02         -5.25  0.2201  0.296E-03
         72.2500       -3.53  0.2658 -0.160E-02         -4.70  0.2327 -0.252E-02         -5.24  0.2203  0.258E-03
         72.5000       -3.61  0.2631 -0.136E-02         -4.62  0.2346 -0.238E-02         -5.23  0.2206  0.211E-03
         72.7500       -3.69  0.2606 -0.111E-02         -4.57  0.2360 -0.223E-02         -5.21  0.2209  0.158E-03
         73.0000       -3.76  0.2582 -0.942E-03         -4.53  0.2370 -0.207E-02         -5.19  0.2214  0.101E-03
         73.5000       -3.90  0.2539 -0.662E-03         -4.49  0.2381 -0.181E-02         -5.13  0.2225 -0.102E-04
         74.0000       -4.03  0.2504 -0.462E-03         -4.47  0.2387 -0.156E-02         -5.07  0.2238 -0.109E-03
         74.5000       -4.15  0.2473 -0.301E-03         -4.47  0.2388 -0.136E-02         -5.01  0.2250 -0.191E-03
         75.0000       -4.25  0.2445 -0.169E-03         -4.47  0.2387 -0.118E-02         -4.96  0.2262 -0.255E-03
         75.5000       -4.35  0.2419 -0.544E-04         -4.48  0.2384 -0.103E-02         -4.91  0.2273 -0.301E-03
         76.0000       -4.44  0.2395  0.473E-04         -4.49  0.2381 -0.895E-03         -4.86  0.2282 -0.333E-03
         76.5000       -4.53  0.2371  0.139E-03         -4.51  0.2376 -0.781E-03         -4.83  0.2291 -0.359E-03
         77.0000       -4.61  0.2349  0.221E-03         -4.53  0.2371 -0.681E-03         -4.80  0.2300 -0.375E-03
         77.5000       -4.70  0.2326  0.297E-03         -4.55  0.2365 -0.592E-03         -4.77  0.2307 -0.384E-03
         78.0000       -4.78  0.2304  0.368E-03         -4.58  0.2358 -0.513E-03         -4.74  0.2314 -0.386E-03
         78.5000       -4.86  0.2282  0.435E-03         -4.60  0.2352 -0.441E-03         -4.72  0.2320 -0.382E-03
         79.0000       -4.95  0.2264  0.484E-03         -4.63  0.2345 -0.375E-03         -4.70  0.2324 -0.375E-03
         79.5000       -5.03  0.2248  0.512E-03         -4.65  0.2338 -0.315E-03         -4.69  0.2328 -0.364E-03
         80.0000       -5.10  0.2232  0.535E-03         -4.68  0.2331 -0.260E-03         -4.68  0.2332 -0.352E-03
         80.5000       -5.18  0.2217  0.555E-03         -4.70  0.2324 -0.209E-03         -4.67  0.2334 -0.337E-03
         81.0000       -5.25  0.2202  0.571E-03         -4.73  0.2317 -0.161E-03         -4.66  0.2337 -0.322E-03
         81.5000       -5.31  0.2188  0.584E-03         -4.76  0.2309 -0.116E-03         -4.65  0.2338 -0.306E-03
         82.0000       -5.38  0.2175  0.596E-03         -4.79  0.2301 -0.735E-04         -4.65  0.2339 -0.289E-03
         82.5000       -5.44  0.2162  0.605E-03         -4.82  0.2294 -0.336E-04         -4.65  0.2340 -0.272E-03
         83.0000       -5.50  0.2149  0.612E-03         -4.85  0.2286  0.399E-05         -4.64  0.2340 -0.255E-03
         83.5000       -5.56  0.2137  0.618E-03         -4.88  0.2279  0.372E-04         -4.64  0.2340 -0.238E-03
         84.0000       -5.62  0.2126  0.623E-03         -4.91  0.2272  0.622E-04         -4.64  0.2340 -0.221E-03
         84.5000       -5.67  0.2115  0.627E-03         -4.94  0.2266  0.832E-04         -4.65  0.2339 -0.204E-03
         85.0000       -5.72  0.2104  0.630E-03         -4.97  0.2260  0.103E-03         -4.65  0.2339 -0.188E-03
         85.5000       -5.78  0.2093  0.633E-03         -4.99  0.2255  0.120E-03         -4.65  0.2338 -0.172E-03
         86.0000       -5.82  0.2083  0.634E-03         -5.02  0.2249  0.137E-03         -4.66  0.2336 -0.156E-03
         86.5000       -5.87  0.2073  0.637E-03         -5.05  0.2244  0.152E-03         -4.66  0.2335 -0.141E-03
         87.0000       -5.92  0.2063  0.637E-03         -5.07  0.2238  0.165E-03         -4.67  0.2333 -0.127E-03
         87.5000       -5.97  0.2053  0.640E-03         -5.10  0.2233  0.178E-03         -4.68  0.2332 -0.113E-03
         88.0000       -6.02  0.2043  0.640E-03         -5.12  0.2228  0.190E-03         -4.68  0.2330 -0.990E-04
         88.5000       -6.06  0.2034  0.643E-03         -5.15  0.2223  0.201E-03         -4.69  0.2328 -0.860E-04
         89.0000       -6.11  0.2024  0.644E-03         -5.17  0.2218  0.211E-03         -4.70  0.2326 -0.736E-04
         89.5000       -6.15  0.2016  0.644E-03         -5.20  0.2213  0.220E-03         -4.71  0.2324 -0.617E-04
         90.0000       -6.20  0.2009  0.644E-03         -5.22  0.2208  0.229E-03         -4.71  0.2321 -0.502E-04
         90.5000       -6.24  0.2002  0.643E-03         -5.24  0.2203  0.237E-03         -4.72  0.2319 -0.394E-04
         91.0000       -6.28  0.1996  0.640E-03         -5.26  0.2199  0.245E-03         -4.73  0.2317 -0.288E-04
         91.5000       -6.32  0.1989  0.639E-03         -5.29  0.2194  0.252E-03         -4.74  0.2314 -0.189E-04
         92.0000       -6.37  0.1983  0.636E-03         -5.31  0.2189  0.258E-03         -4.75  0.2312 -0.926E-05
         92.5000       -6.40  0.1977  0.633E-03         -5.33  0.2185  0.265E-03         -4.76  0.2309 -0.111E-06
         92.5240       -6.41  0.1977  0.633E-03         -5.33  0.2185  0.265E-03         -4.76  0.2309  0.360E-06
         92.5552       -6.41  0.1976  0.633E-03         -5.33  0.2185  0.265E-03         -4.76  0.2309  0.943E-06
         92.5958       -6.41  0.1976  0.633E-03         -5.33  0.2184  0.266E-03         -4.76  0.2309  0.170E-05
         92.6463       -6.42  0.1975  0.632E-03         -5.34  0.2184  0.267E-03         -4.76  0.2309  0.264E-05
         92.7170       -6.42  0.1974  0.631E-03         -5.34  0.2183  0.267E-03         -4.76  0.2308  0.395E-05
         92.8114       -6.43  0.1973  0.629E-03         -5.34  0.2182  0.269E-03         -4.77  0.2308  0.565E-05
         92.9057       -6.43  0.1972  0.624E-03         -5.35  0.2181  0.270E-03         -4.77  0.2307  0.731E-05
         93.0000       -6.44  0.1972  0.617E-03         -5.35  0.2181  0.271E-03         -4.77  0.2307  0.895E-05
         93.1667       -6.45  0.1971  0.599E-03         -5.36  0.2179  0.273E-03         -4.77  0.2306  0.117E-04
         93.3333       -6.45  0.1970  0.578E-03         -5.37  0.2178  0.274E-03         -4.78  0.2305  0.146E-04
         93.5000       -6.45  0.1970  0.553E-03         -5.37  0.2176  0.276E-03         -4.78  0.2304  0.175E-04
         93.7500       -6.44  0.1971  0.517E-03         -5.38  0.2174  0.278E-03         -4.78  0.2303  0.217E-04
         94.0000       -6.44  0.1972  0.484E-03         -5.39  0.2172  0.280E-03         -4.79  0.2302  0.256E-04
         94.2500       -6.43  0.1973  0.459E-03         -5.40  0.2170  0.280E-03         -4.79  0.2300  0.294E-04
         94.5000       -6.42  0.1974  0.439E-03         -5.41  0.2168  0.281E-03         -4.80  0.2299  0.334E-04
         95.0000       -6.42  0.1975  0.426E-03         -5.43  0.2165  0.279E-03         -4.81  0.2296  0.406E-04
         95.5000       -6.42  0.1975  0.423E-03         -5.44  0.2161  0.277E-03         -4.82  0.2294  0.472E-04
         96.0000       -6.43  0.1973  0.428E-03         -5.46  0.2158  0.274E-03         -4.83  0.2291  0.537E-04
         96.5000       -6.45  0.1971  0.437E-03         -5.47  0.2155  0.272E-03         -4.84  0.2289  0.591E-04
         97.0000       -6.47  0.1968  0.446E-03         -5.49  0.2153  0.270E-03         -4.85  0.2286  0.648E-04
         97.5000       -6.49  0.1964  0.455E-03         -5.50  0.2150  0.268E-03         -4.86  0.2283  0.694E-04
         98.0000       -6.51  0.1960  0.463E-03         -5.51  0.2147  0.267E-03         -4.87  0.2281  0.735E-04
         98.5000       -6.54  0.1957  0.471E-03         -5.53  0.2144  0.267E-03         -4.88  0.2279  0.772E-04
         99.0000       -6.56  0.1953  0.477E-03         -5.54  0.2142  0.268E-03         -4.89  0.2277  0.805E-04
         99.5000       -6.59  0.1949  0.482E-03         -5.55  0.2139  0.269E-03         -4.89  0.2275  0.831E-04
        100.0000       -6.61  0.1945  0.486E-03         -5.57  0.2136  0.270E-03         -4.90  0.2273  0.859E-04
        100.5000       -6.64  0.1941  0.489E-03         -5.58  0.2133  0.272E-03         -4.91  0.2271  0.887E-04
        101.0000       -6.67  0.1937  0.491E-03         -5.59  0.2131  0.274E-03         -4.92  0.2269  0.908E-04
        101.5000       -6.69  0.1933  0.493E-03         -5.61  0.2128  0.275E-03         -4.93  0.2268  0.933E-04
        102.0000       -6.72  0.1929  0.491E-03         -5.62  0.2125  0.277E-03         -4.94  0.2266  0.958E-04
        102.5000       -6.74  0.1926  0.484E-03         -5.63  0.2122  0.279E-03         -4.95  0.2264  0.979E-04
        103.0000       -6.75  0.1923  0.475E-03         -5.65  0.2119  0.281E-03         -4.96  0.2262  0.100E-03
        103.5000       -6.77  0.1921  0.466E-03         -5.66  0.2117  0.282E-03         -4.97  0.2260  0.103E-03
        104.0000       -6.78  0.1919  0.460E-03         -5.67  0.2114  0.283E-03         -4.98  0.2258  0.104E-03
        104.5000       -6.80  0.1917  0.456E-03         -5.69  0.2111  0.284E-03         -4.98  0.2257  0.107E-03
        105.0000       -6.81  0.1914  0.455E-03         -5.70  0.2109  0.285E-03         -4.99  0.2255  0.109E-03
        105.5000       -6.83  0.1912  0.454E-03         -5.71  0.2106  0.285E-03         -5.00  0.2253  0.111E-03
        106.0000       -6.85  0.1909  0.453E-03         -5.73  0.2103  0.286E-03         -5.01  0.2251  0.112E-03
        106.5000       -6.86  0.1907  0.452E-03         -5.74  0.2101  0.286E-03         -5.02  0.2249  0.114E-03
        107.0000       -6.88  0.1904  0.451E-03         -5.75  0.2098  0.286E-03         -5.03  0.2248  0.116E-03
        107.5000       -6.89  0.1902  0.446E-03         -5.76  0.2096  0.287E-03         -5.04  0.2246  0.118E-03
        108.0000       -6.90  0.1900  0.431E-03         -5.77  0.2093  0.287E-03         -5.04  0.2244  0.119E-03
        108.5000       -6.90  0.1901  0.402E-03         -5.79  0.2091  0.287E-03         -5.05  0.2242  0.121E-03
        109.0000       -6.89  0.1902  0.371E-03         -5.80  0.2089  0.286E-03         -5.06  0.2241  0.122E-03
        109.5000       -6.86  0.1907  0.321E-03         -5.81  0.2086  0.284E-03         -5.07  0.2239  0.123E-03
        110.0000       -6.79  0.1917  0.212E-03         -5.82  0.2084  0.280E-03         -5.08  0.2237  0.125E-03
        110.0240       -6.79  0.1917  0.207E-03         -5.82  0.2084  0.280E-03         -5.08  0.2237  0.125E-03
        110.0480       -6.79  0.1918  0.202E-03         -5.82  0.2084  0.280E-03         -5.08  0.2237  0.125E-03
        110.0720       -6.78  0.1918  0.196E-03         -5.82  0.2084  0.280E-03         -5.08  0.2237  0.125E-03
        110.1032       -6.78  0.1919  0.187E-03         -5.82  0.2084  0.279E-03         -5.08  0.2237  0.125E-03
        110.1429       -6.77  0.1920  0.175E-03         -5.82  0.2084  0.279E-03         -5.08  0.2237  0.125E-03
        110.1939       -6.76  0.1922  0.153E-03         -5.82  0.2084  0.279E-03         -5.08  0.2236  0.125E-03
        110.2704       -6.74  0.1925  0.105E-03         -5.82  0.2083  0.278E-03         -5.08  0.2236  0.125E-03
        110.3469       -6.71  0.1929  0.325E-04         -5.82  0.2083  0.277E-03         -5.08  0.2236  0.125E-03
        110.5000       -6.62  0.1943 -0.174E-03         -5.83  0.2082  0.275E-03         -5.09  0.2235  0.126E-03
        110.5240       -6.61  0.1945 -0.210E-03         -5.83  0.2082  0.275E-03         -5.09  0.2235  0.126E-03
        110.5408       -6.60  0.1947 -0.237E-03         -5.83  0.2082  0.275E-03         -5.09  0.2235  0.126E-03
        110.5526       -6.59  0.1948 -0.257E-03         -5.83  0.2082  0.274E-03         -5.09  0.2235  0.126E-03
        110.5643       -6.58  0.1950 -0.279E-03         -5.83  0.2082  0.274E-03         -5.09  0.2235  0.126E-03
        110.5796       -6.57  0.1951 -0.315E-03         -5.83  0.2082  0.274E-03         -5.09  0.2235  0.126E-03
        110.5949       -6.56  0.1954 -0.363E-03         -5.83  0.2082  0.274E-03         -5.09  0.2235  0.126E-03
        110.6148       -6.53  0.1957 -0.464E-03         -5.83  0.2082  0.274E-03         -5.09  0.2235  0.126E-03
        110.6346       -6.50  0.1962 -0.636E-03         -5.83  0.2082  0.273E-03         -5.09  0.2235  0.126E-03
        110.6545       -6.46  0.1969 -0.903E-03         -5.83  0.2082  0.273E-03         -5.09  0.2235  0.126E-03
        110.6804       -6.36  0.1984 -0.148E-02         -5.83  0.2082  0.273E-03         -5.09  0.2235  0.126E-03
        110.7062       -6.21  0.2006 -0.236E-02         -5.83  0.2082  0.272E-03         -5.09  0.2235  0.126E-03
        110.7388       -5.95  0.2057 -0.413E-02         -5.83  0.2082  0.271E-03         -5.09  0.2235  0.126E-03
        110.7824       -5.48  0.2154 -0.725E-02         -5.83  0.2082  0.271E-03         -5.09  0.2234  0.126E-03
        110.8259       -4.96  0.2262 -0.107E-01         -5.83  0.2081  0.270E-03         -5.09  0.2234  0.126E-03
        110.8694       -4.49  0.2382 -0.141E-01         -5.83  0.2081  0.269E-03         -5.09  0.2234  0.127E-03
        110.9347       -3.90  0.2540 -0.179E-01         -5.83  0.2081  0.266E-03         -5.09  0.2234  0.127E-03
        111.0000       -3.47  0.2680 -0.206E-01         -5.83  0.2081  0.263E-03         -5.09  0.2234  0.127E-03
        111.0556       -3.18  0.2776 -0.224E-01         -5.83  0.2081  0.258E-03         -5.10  0.2234  0.127E-03
        111.1296       -2.89  0.2880 -0.237E-01         -5.83  0.2081  0.246E-03         -5.10  0.2233  0.127E-03
        111.2222       -2.63  0.2982 -0.244E-01         -5.83  0.2082  0.212E-03         -5.10  0.2233  0.127E-03
        111.3148       -2.44  0.3059 -0.246E-01         -5.81  0.2085  0.138E-03         -5.10  0.2233  0.127E-03
        111.5000       -2.18  0.3170 -0.244E-01         -5.71  0.2106 -0.302E-03         -5.10  0.2232  0.127E-03
        111.6250       -2.08  0.3214 -0.228E-01         -5.59  0.2131 -0.822E-03         -5.10  0.2232  0.127E-03
        111.7500       -2.00  0.3246 -0.215E-01         -5.41  0.2169 -0.156E-02         -5.11  0.2231  0.127E-03
        111.8750       -1.94  0.3273 -0.207E-01         -5.17  0.2218 -0.247E-02         -5.11  0.2231  0.126E-03
        112.0000       -1.89  0.3298 -0.201E-01         -4.90  0.2275 -0.345E-02         -5.11  0.2231  0.123E-03
        112.1667       -1.85  0.3317 -0.187E-01         -4.53  0.2371 -0.488E-02         -5.11  0.2230  0.116E-03
        112.3333       -1.81  0.3333 -0.178E-01         -4.19  0.2461 -0.619E-02         -5.11  0.2230  0.102E-03
        112.5000       -1.78  0.3349 -0.172E-01         -3.89  0.2542 -0.720E-02         -5.11  0.2231  0.770E-04
        112.7500       -1.73  0.3368 -0.163E-01         -3.54  0.2658 -0.836E-02         -5.09  0.2234  0.372E-05
        113.0000       -1.70  0.3385 -0.158E-01         -3.26  0.2750 -0.918E-02         -5.06  0.2241 -0.116E-03
        113.5000       -1.65  0.3407 -0.145E-01         -2.87  0.2889 -0.991E-02         -4.92  0.2271 -0.542E-03
        114.0000       -1.62  0.3423 -0.136E-01         -2.61  0.2990 -0.103E-01         -4.70  0.2325 -0.119E-02
        114.5000       -1.60  0.3430 -0.125E-01         -2.43  0.3062 -0.102E-01         -4.42  0.2399 -0.207E-02
        115.0000       -1.60  0.3430 -0.115E-01         -2.30  0.3118 -0.997E-02         -4.12  0.2481 -0.296E-02
        115.5000       -1.62  0.3419 -0.101E-01         -2.22  0.3154 -0.950E-02         -3.82  0.2563 -0.370E-02
        116.0000       -1.68  0.3394 -0.848E-02         -2.17  0.3174 -0.877E-02         -3.57  0.2646 -0.435E-02
        116.5000       -1.74  0.3366 -0.723E-02         -2.15  0.3181 -0.798E-02         -3.37  0.2713 -0.476E-02
        117.0000       -1.79  0.3344 -0.655E-02         -2.15  0.3183 -0.733E-02         -3.21  0.2767 -0.499E-02
        117.5000       -1.83  0.3325 -0.601E-02         -2.15  0.3182 -0.676E-02         -3.08  0.2810 -0.504E-02
        118.0000       -1.88  0.3301 -0.533E-02         -2.16  0.3179 -0.624E-02         -2.97  0.2849 -0.502E-02
        118.5000       -1.95  0.3270 -0.443E-02         -2.18  0.3170 -0.568E-02         -2.90  0.2879 -0.494E-02
        119.0000       -2.03  0.3234 -0.357E-02         -2.21  0.3158 -0.509E-02         -2.84  0.2901 -0.479E-02
        119.5000       -2.13  0.3192 -0.267E-02         -2.24  0.3141 -0.449E-02         -2.80  0.2917 -0.459E-02
        120.0000       -2.21  0.3155 -0.217E-02         -2.29  0.3123 -0.396E-02         -2.77  0.2927 -0.435E-02
        120.5000       -2.29  0.3122 -0.179E-02         -2.33  0.3103 -0.352E-02         -2.76  0.2933 -0.411E-02
        121.0000       -2.36  0.3091 -0.150E-02         -2.38  0.3083 -0.314E-02         -2.75  0.2937 -0.386E-02
        121.5000       -2.43  0.3062 -0.125E-02         -2.42  0.3063 -0.284E-02         -2.75  0.2937 -0.363E-02
        122.0000       -2.49  0.3037 -0.112E-02         -2.47  0.3045 -0.258E-02         -2.75  0.2936 -0.340E-02
        122.5000       -2.55  0.3013 -0.992E-03         -2.51  0.3028 -0.235E-02         -2.76  0.2933 -0.320E-02
        123.0000       -2.61  0.2990 -0.877E-03         -2.56  0.3011 -0.216E-02         -2.77  0.2930 -0.301E-02
        123.5000       -2.67  0.2968 -0.766E-03         -2.60  0.2995 -0.199E-02         -2.78  0.2925 -0.284E-02
        124.0000       -2.72  0.2946 -0.652E-03         -2.64  0.2980 -0.183E-02         -2.79  0.2920 -0.268E-02
        124.5000       -2.78  0.2925 -0.523E-03         -2.68  0.2965 -0.169E-02         -2.80  0.2915 -0.253E-02
        125.0000       -2.83  0.2904 -0.408E-03         -2.71  0.2950 -0.155E-02         -2.82  0.2909 -0.240E-02
        125.5000       -2.89  0.2883 -0.301E-03         -2.75  0.2936 -0.143E-02         -2.83  0.2903 -0.227E-02
        126.0000       -2.94  0.2863 -0.217E-03         -2.79  0.2921 -0.131E-02         -2.85  0.2897 -0.215E-02
        126.5000       -2.99  0.2843 -0.148E-03         -2.82  0.2908 -0.121E-02         -2.87  0.2890 -0.204E-02
        127.0000       -3.03  0.2825 -0.788E-04         -2.86  0.2894 -0.111E-02         -2.88  0.2883 -0.193E-02
        127.5000       -3.08  0.2807 -0.533E-05         -2.89  0.2881 -0.102E-02         -2.90  0.2876 -0.184E-02
        128.0000       -3.13  0.2791  0.609E-04         -2.92  0.2868 -0.932E-03         -2.92  0.2869 -0.174E-02
        128.5000       -3.18  0.2774  0.124E-03         -2.96  0.2854 -0.847E-03         -2.94  0.2862 -0.166E-02
        129.0000       -3.23  0.2758  0.180E-03         -2.99  0.2841 -0.764E-03         -2.96  0.2855 -0.158E-02
        129.5000       -3.28  0.2742  0.233E-03         -3.03  0.2828 -0.683E-03         -2.98  0.2848 -0.150E-02
        130.0000       -3.33  0.2725  0.279E-03         -3.06  0.2815 -0.605E-03         -2.99  0.2840 -0.142E-02
        130.5000       -3.38  0.2710  0.324E-03         -3.09  0.2804 -0.544E-03         -3.01  0.2833 -0.135E-02
        131.0000       -3.43  0.2694  0.361E-03         -3.13  0.2793 -0.495E-03         -3.03  0.2825 -0.128E-02
        131.5000       -3.47  0.2678  0.402E-03         -3.16  0.2781 -0.449E-03         -3.05  0.2817 -0.122E-02
        132.0000       -3.52  0.2662  0.443E-03         -3.20  0.2770 -0.406E-03         -3.08  0.2809 -0.116E-02
        132.5000       -3.57  0.2647  0.482E-03         -3.23  0.2759 -0.364E-03         -3.10  0.2802 -0.111E-02
        133.0000       -3.62  0.2631  0.523E-03         -3.26  0.2748 -0.324E-03         -3.12  0.2795 -0.106E-02
        133.5000       -3.66  0.2615  0.559E-03         -3.30  0.2737 -0.284E-03         -3.14  0.2788 -0.101E-02
        134.0000       -3.71  0.2599  0.597E-03         -3.33  0.2726 -0.246E-03         -3.16  0.2780 -0.968E-03
        134.5000       -3.76  0.2582  0.634E-03         -3.36  0.2715 -0.208E-03         -3.19  0.2773 -0.924E-03
        135.0000       -3.81  0.2566  0.672E-03         -3.40  0.2704 -0.172E-03         -3.21  0.2766 -0.882E-03
        135.5000       -3.86  0.2549  0.708E-03         -3.43  0.2693 -0.137E-03         -3.23  0.2759 -0.842E-03
        136.0000       -3.91  0.2536  0.738E-03         -3.46  0.2683 -0.102E-03         -3.25  0.2753 -0.803E-03
        136.5000       -3.97  0.2522  0.764E-03         -3.49  0.2672 -0.687E-04         -3.27  0.2746 -0.765E-03
        137.0000       -4.02  0.2508  0.788E-03         -3.52  0.2661 -0.356E-04         -3.29  0.2739 -0.729E-03
        137.5000       -4.07  0.2494  0.812E-03         -3.56  0.2651 -0.317E-05         -3.31  0.2732 -0.694E-03
        138.0000       -4.12  0.2480  0.831E-03         -3.59  0.2640  0.285E-04         -3.33  0.2725 -0.660E-03
        138.5000       -4.17  0.2467  0.829E-03         -3.62  0.2629  0.582E-04         -3.35  0.2718 -0.627E-03
        139.0000       -4.20  0.2459  0.739E-03         -3.65  0.2619  0.807E-04         -3.37  0.2712 -0.596E-03
        139.0240       -4.20  0.2459  0.745E-03         -3.65  0.2619  0.824E-04         -3.37  0.2711 -0.594E-03
        139.0480       -4.20  0.2458  0.741E-03         -3.65  0.2618  0.835E-04         -3.37  0.2711 -0.593E-03
        139.0720       -4.20  0.2458  0.733E-03         -3.66  0.2618  0.845E-04         -3.38  0.2711 -0.591E-03
        139.1032       -4.20  0.2458  0.714E-03         -3.66  0.2617  0.859E-04         -3.38  0.2710 -0.589E-03
        139.1429       -4.20  0.2458  0.662E-03         -3.66  0.2616  0.876E-04         -3.38  0.2710 -0.587E-03
        139.1939       -4.20  0.2459  0.551E-03         -3.66  0.2615  0.897E-04         -3.38  0.2709 -0.584E-03
        139.2704       -4.18  0.2464  0.302E-03         -3.67  0.2614  0.924E-04         -3.38  0.2708 -0.579E-03
        139.3469       -4.15  0.2472  0.112E-04         -3.67  0.2612  0.942E-04         -3.39  0.2707 -0.574E-03
        139.5000       -4.07  0.2494 -0.539E-03         -3.68  0.2609  0.897E-04         -3.39  0.2705 -0.565E-03
        139.6667       -3.95  0.2526 -0.125E-02         -3.69  0.2607  0.691E-04         -3.40  0.2703 -0.556E-03
        139.8333       -3.82  0.2564 -0.196E-02         -3.69  0.2605  0.284E-04         -3.41  0.2700 -0.546E-03
        140.0000       -3.69  0.2605 -0.266E-02         -3.69  0.2605 -0.323E-04         -3.41  0.2698 -0.538E-03
        140.1667       -3.56  0.2650 -0.342E-02         -3.69  0.2606 -0.116E-03         -3.42  0.2696 -0.531E-03
        140.5000       -3.32  0.2728 -0.437E-02         -3.67  0.2614 -0.376E-03         -3.43  0.2692 -0.524E-03
        140.7500       -3.18  0.2776 -0.473E-02         -3.64  0.2624 -0.630E-03         -3.44  0.2689 -0.527E-03
        141.0000       -3.07  0.2813 -0.484E-02         -3.60  0.2637 -0.911E-03         -3.45  0.2687 -0.537E-03
        141.2500       -2.99  0.2843 -0.468E-02         -3.55  0.2653 -0.120E-02         -3.45  0.2686 -0.557E-03
        141.5000       -2.94  0.2864 -0.450E-02         -3.50  0.2671 -0.146E-02         -3.45  0.2684 -0.587E-03
        142.0000       -2.88  0.2886 -0.406E-02         -3.40  0.2703 -0.182E-02         -3.45  0.2685 -0.682E-03
        142.5000       -2.86  0.2896 -0.358E-02         -3.31  0.2732 -0.204E-02         -3.44  0.2689 -0.797E-03
        143.0000       -2.85  0.2898 -0.316E-02         -3.25  0.2754 -0.214E-02         -3.42  0.2694 -0.921E-03
        143.5000       -2.85  0.2896 -0.280E-02         -3.19  0.2771 -0.216E-02         -3.40  0.2702 -0.104E-02
        144.0000       -2.87  0.2890 -0.245E-02         -3.16  0.2784 -0.213E-02         -3.38  0.2709 -0.115E-02
        144.5000       -2.89  0.2881 -0.213E-02         -3.13  0.2793 -0.206E-02         -3.36  0.2717 -0.124E-02
        145.0000       -2.92  0.2870 -0.187E-02         -3.11  0.2798 -0.197E-02         -3.33  0.2725 -0.130E-02
        145.0240       -2.92  0.2870 -0.186E-02         -3.11  0.2799 -0.197E-02         -3.33  0.2725 -0.131E-02
        145.0552       -2.92  0.2870 -0.190E-02         -3.11  0.2799 -0.196E-02         -3.33  0.2726 -0.131E-02
        145.0958       -2.92  0.2871 -0.205E-02         -3.11  0.2799 -0.195E-02         -3.33  0.2726 -0.132E-02
        145.1463       -2.91  0.2874 -0.233E-02         -3.11  0.2800 -0.194E-02         -3.33  0.2727 -0.132E-02
        145.2170       -2.89  0.2883 -0.277E-02         -3.10  0.2800 -0.193E-02         -3.32  0.2728 -0.133E-02
        145.3114       -2.85  0.2896 -0.327E-02         -3.10  0.2801 -0.193E-02         -3.32  0.2729 -0.134E-02
        145.4057       -2.82  0.2909 -0.363E-02         -3.10  0.2803 -0.194E-02         -3.31  0.2731 -0.135E-02
        145.5000       -2.79  0.2921 -0.388E-02         -3.09  0.2804 -0.196E-02         -3.31  0.2732 -0.136E-02
        145.5240       -2.78  0.2925 -0.398E-02         -3.09  0.2805 -0.197E-02         -3.31  0.2732 -0.136E-02
        145.5552       -2.76  0.2930 -0.424E-02         -3.09  0.2805 -0.198E-02         -3.31  0.2733 -0.137E-02
        145.5958       -2.74  0.2941 -0.481E-02         -3.09  0.2806 -0.200E-02         -3.31  0.2733 -0.137E-02
        145.6463       -2.69  0.2958 -0.568E-02         -3.08  0.2807 -0.202E-02         -3.30  0.2734 -0.138E-02
        145.7170       -2.62  0.2986 -0.676E-02         -3.08  0.2809 -0.207E-02         -3.30  0.2735 -0.138E-02
        145.8114       -2.53  0.3021 -0.775E-02         -3.07  0.2813 -0.218E-02         -3.30  0.2736 -0.139E-02
        145.9057       -2.45  0.3052 -0.835E-02         -3.05  0.2818 -0.232E-02         -3.29  0.2738 -0.140E-02
        146.0000       -2.39  0.3080 -0.869E-02         -3.03  0.2825 -0.251E-02         -3.29  0.2739 -0.141E-02
        146.1667       -2.30  0.3117 -0.879E-02         -2.99  0.2842 -0.293E-02         -3.28  0.2741 -0.144E-02
        146.3333       -2.24  0.3143 -0.868E-02         -2.94  0.2861 -0.336E-02         -3.27  0.2744 -0.147E-02
        146.5000       -2.20  0.3163 -0.852E-02         -2.89  0.2882 -0.376E-02         -3.26  0.2747 -0.152E-02
        146.7500       -2.15  0.3181 -0.805E-02         -2.81  0.2913 -0.424E-02         -3.25  0.2753 -0.161E-02
        147.0000       -2.12  0.3195 -0.765E-02         -2.74  0.2941 -0.458E-02         -3.22  0.2761 -0.173E-02
        147.2500       -2.11  0.3198 -0.700E-02         -2.68  0.2965 -0.479E-02         -3.20  0.2770 -0.188E-02
        147.5000       -2.11  0.3201 -0.659E-02         -2.62  0.2985 -0.489E-02         -3.17  0.2780 -0.203E-02
        148.0000       -2.11  0.3201 -0.594E-02         -2.55  0.3015 -0.490E-02         -3.10  0.2803 -0.232E-02
        148.5000       -2.12  0.3198 -0.541E-02         -2.49  0.3037 -0.478E-02         -3.03  0.2827 -0.257E-02
        149.0000       -2.12  0.3193 -0.500E-02         -2.45  0.3052 -0.463E-02         -2.96  0.2853 -0.280E-02
        149.5000       -2.14  0.3186 -0.457E-02         -2.43  0.3063 -0.445E-02         -2.90  0.2876 -0.297E-02
        150.0000       -2.18  0.3171 -0.396E-02         -2.41  0.3069 -0.421E-02         -2.85  0.2896 -0.308E-02
        150.5000       -2.21  0.3154 -0.346E-02         -2.41  0.3071 -0.395E-02         -2.81  0.2912 -0.313E-02
        151.0000       -2.26  0.3136 -0.304E-02         -2.41  0.3069 -0.368E-02         -2.78  0.2926 -0.313E-02
        151.5000       -2.30  0.3116 -0.262E-02         -2.42  0.3064 -0.341E-02         -2.75  0.2937 -0.310E-02
        152.0000       -2.37  0.3088 -0.198E-02         -2.44  0.3056 -0.310E-02         -2.73  0.2945 -0.304E-02
        152.5000       -2.44  0.3057 -0.148E-02         -2.47  0.3046 -0.279E-02         -2.71  0.2950 -0.294E-02
        153.0000       -2.51  0.3031 -0.125E-02         -2.50  0.3034 -0.250E-02         -2.71  0.2953 -0.283E-02
        153.5000       -2.56  0.3009 -0.109E-02         -2.53  0.3021 -0.226E-02         -2.70  0.2954 -0.271E-02
        154.0000       -2.62  0.2988 -0.984E-03         -2.56  0.3008 -0.207E-02         -2.70  0.2954 -0.259E-02
        154.5000       -2.66  0.2970 -0.897E-03         -2.60  0.2996 -0.190E-02         -2.71  0.2952 -0.247E-02
        155.0000       -2.71  0.2952 -0.802E-03         -2.63  0.2984 -0.176E-02         -2.72  0.2949 -0.235E-02
        155.5000       -2.75  0.2936 -0.717E-03         -2.66  0.2972 -0.164E-02         -2.72  0.2946 -0.225E-02
        156.0000       -2.79  0.2920 -0.639E-03         -2.69  0.2961 -0.153E-02         -2.73  0.2942 -0.214E-02
        156.5000       -2.83  0.2904 -0.565E-03         -2.71  0.2950 -0.142E-02         -2.75  0.2938 -0.205E-02
        157.0000       -2.87  0.2888 -0.478E-03         -2.74  0.2939 -0.133E-02         -2.76  0.2933 -0.196E-02
        157.5000       -2.91  0.2873 -0.397E-03         -2.77  0.2928 -0.124E-02         -2.77  0.2928 -0.188E-02
        158.0000       -2.95  0.2857 -0.312E-03         -2.80  0.2917 -0.116E-02         -2.78  0.2923 -0.180E-02
        158.5000       -3.00  0.2840 -0.213E-03         -2.83  0.2906 -0.107E-02         -2.80  0.2918 -0.172E-02
        159.0000       -3.04  0.2823 -0.106E-03         -2.85  0.2895 -0.989E-03         -2.81  0.2912 -0.165E-02
        159.5000       -3.09  0.2807 -0.437E-05         -2.88  0.2884 -0.906E-03         -2.83  0.2906 -0.158E-02
        160.0000       -3.13  0.2790  0.840E-04         -2.91  0.2873 -0.823E-03         -2.84  0.2900 -0.151E-02
        160.5000       -3.18  0.2774  0.175E-03         -2.94  0.2861 -0.740E-03         -2.86  0.2894 -0.144E-02
        161.0000       -3.24  0.2756  0.273E-03         -2.97  0.2849 -0.656E-03         -2.87  0.2888 -0.137E-02
        161.5000       -3.29  0.2738  0.376E-03         -3.00  0.2837 -0.569E-03         -2.89  0.2881 -0.131E-02
        162.0000       -3.35  0.2719  0.466E-03         -3.04  0.2824 -0.482E-03         -2.91  0.2875 -0.124E-02
        162.5000       -3.41  0.2700  0.556E-03         -3.07  0.2812 -0.398E-03         -2.92  0.2868 -0.118E-02
        163.0000       -3.47  0.2680  0.643E-03         -3.11  0.2800 -0.328E-03         -2.94  0.2860 -0.112E-02
        163.5000       -3.53  0.2660  0.714E-03         -3.14  0.2788 -0.265E-03         -2.96  0.2853 -0.105E-02
        164.0000       -3.59  0.2640  0.779E-03         -3.18  0.2776 -0.204E-03         -2.98  0.2845 -0.992E-03
        164.5000       -3.65  0.2621  0.830E-03         -3.21  0.2764 -0.147E-03         -3.00  0.2838 -0.931E-03
        165.0000       -3.70  0.2601  0.876E-03         -3.25  0.2752 -0.947E-04         -3.02  0.2830 -0.870E-03
        165.5000       -3.76  0.2582  0.919E-03         -3.28  0.2741 -0.461E-04         -3.04  0.2821 -0.811E-03
        166.0000       -3.82  0.2562  0.959E-03         -3.32  0.2729 -0.100E-05         -3.06  0.2814 -0.756E-03
        166.5000       -3.88  0.2545  0.991E-03         -3.36  0.2717  0.407E-04         -3.09  0.2806 -0.712E-03
        167.0000       -3.94  0.2529  0.101E-02         -3.39  0.2705  0.792E-04         -3.11  0.2799 -0.672E-03
        167.5000       -3.99  0.2514  0.102E-02         -3.43  0.2694  0.115E-03         -3.13  0.2792 -0.633E-03
        168.0000       -4.05  0.2500  0.102E-02         -3.46  0.2682  0.147E-03         -3.15  0.2784 -0.596E-03
end
end
